{
  "aio": {
    "master": {
      "uncompressed": {
        "runtime-es2017": 4841,
        "main-es2017": 458615,
        "polyfills-es2017": 55210,
        "styles": 69324,
        "light-theme": 79417,
        "dark-theme": 79316
      }
    }
  },
  "aio-local": {
    "master": {
      "uncompressed": {
        "runtime-es2017": 4841,
        "main-es2017": 458636,
        "polyfills-es2017": 55348,
        "styles": 69324,
        "light-theme": 79417,
        "dark-theme": 79316
      }
    }
  }
}
